{
  "name" : "Test",
  "description" : "Test API",
  "context": ".*",
  "versions" : [
    {
      "version" : "1.0",
      "status" : "PUBLISHED",
      "endpoints" : [
        {
          "uriPattern" : "/test/hello",
          "endpointName": "Say Hello",
          "method" : "GET",
          "scope": "read:hello",
          "authType" : "USER",
          "throttlingTier" : "UNLIMITED"
        }
      ]
    }
  ]
}